     1: #include<pic.h>
     2: #define uchar unsigned char
     3: #define uint unsigned int
     4: 
     5: //__CONFIG(0x3ff5);
     6: void delay(uint x)//延时x.01毫秒
     7: {
     8:         uint a,b;
     9:         for(a=x;a>0;a--)
    10:                 for(b=1;b>0;b--);
    11: }
    12: unsigned char led[]={ //共阳
    13:  
    14:                 0xC0,  //"0"
    15:                 0xF9,  //"1"
    16:                 0xA4,  //"2"
    17:                 0xB0,  //"3"
    18:                 0x99,  //"4"
    19: 
    20:                 0x92,  //"5"
    21:                 0x82,  //"6"
    22:                 0xF8,  //"7"
    23:                 0x80,  //"8"
    24:                 0x90,  //"9"
    25:                 0x88,  //"A"
    26:                 0x83,  //"B"
    27:                 0xC6,  //"C"
    28:                 0xA1,  //"D"
    29:                 0x86,  //"E"
    30:                 0x8E,  //"F"
    31:                 0x89,  //"H"
    32:                 0xC7,  //"L"
    33:                 0xC8,  //"n"
    34:                 0xC1,  //"u"
    35:                 0x8C,  //"P"
    36:                 0xA3,  //"o"
    37:                 0xBF,  //"-"
    38:                 0xFF,  //熄灭
    39:                 0xFF  //自定义
    40: 
    41:                          }; 
    42: void main()
    43: {
    44:         TRISA=0X00;//设置TRISA（位选）为输出
    45:         TRISB=0X00;//设置TRISB（段选）为输出
    46:         while(1)
    47: {
    48: 
    49:                 PORTA = 0x07;//使能第一个数码管
    50:                 PORTB =0xF9;
    51:                 delay(1);
    52: 
    53:                 PORTA = 0x0b;//使能第二个数码管
    54:                 PORTB = led[2];
    55:                 delay(1);
    56: 
    57:                 PORTA = 0x0d;//使能第三个数码管
    58:                 PORTB = led[3];
    59:                 delay(1);
    60: 
    61:                 PORTA = 0x0e;//使能第四个数码管
    62:                 PORTB = led[4];
    63:                 delay(1);
    64: 
    65:         }
    66:         
    67: }