     1: #include<pic.h>
     2: #define uchar unsigned char
     3: #define uint unsigned int
     4: 
     5: __CONFIG(0x3ff5);
     6: void delay(uint x)//延时x.01毫秒
     7: {
     8:         uint a,b;
     9:         for(a=x;a>0;a--)
    10:                 for(b=110;b>0;b--);
    11: }
    12: unsigned char led[]={ //共阳
    13:  
    14:                 0xC0,  //"0"
    15:                 0xF9,  //"1"
    16:                 0xA4,  //"2"
    17:                 0xB0,  //"3"
    18:                 0x99,  //"4"
    19:                 0x92,  //"5"
    20:                 0x82,  //"6"
    21:                 0xF8,  //"7"
    22:                 0x80,  //"8"
    23:                 0x90,  //"9"
    24:                 0x88,  //"A"
    25:                 0x83,  //"B"
    26:                 0xC6,  //"C"
    27:                 0xA1,  //"D"
    28:                 0x86,  //"E"
    29:                 0x8E,  //"F"
    30:                 0x89,  //"H"
    31:                 0xC7,  //"L"
    32:                 0xC8,  //"n"
    33:                 0xC1,  //"u"
    34:                 0x8C,  //"P"
    35:                 0xA3,  //"o"
    36:                 0xBF,  //"-"
    37:                 0xFF,  //熄灭
    38:                 0xFF  //自定义
    39:  
    40:                          };
    41: void main()
    42: {
    43:         TRISA=0X00;//设置TRISA（位选）为输出
    44:         TRISB=0X00;//设置TRISB（段选）为输出
    45:         while(1)
    46:         {
    47: 
    48:                 PORTA = 0x08;//使能第一个数码管
    49:                 PORTB = led[1];
    50:                 delay(1);
    51: 
    52:                 PORTA = 0x04;//使能第二个数码管
    53:                 PORTB = led[2];
    54:                 delay(1);
    55: 
    56:                 PORTA = 0x02;//使能第三个数码管
    57:                 PORTB = led[3];
    58:                 delay(1);
    59: 
    60:                 PORTA = 0x01;//使能第四个数码管
    61:                 PORTB = led[4];
    62:                 delay(1);
    63: 
    64:         }
    65:         
    66: }